Traceback (most recent call last):
  File "E:\youxikkkkkkk\auto_battle\test_launcher.dist\my_game\main.py", line 90, in detect_emulators
    ok_tmp = OK(headless_config)
             ^^^^^^^^^^^^^^^^^^^
  File "C:\Users\Administrator\AppData\Local\Programs\Python\Python312\Lib\site-packages\ok\__init__.py", line 678, in __init__
    raise e
  File "C:\Users\Administrator\AppData\Local\Programs\Python\Python312\Lib\site-packages\ok\__init__.py", line 674, in __init__
    self.do_init()
  File "C:\Users\Administrator\AppData\Local\Programs\Python\Python312\Lib\site-packages\ok\__init__.py", line 979, in do_init
    og.task_manager = TaskManager(task_executor=self.task_executor, app=task_app,
                      ^^^^^^^^^^^^^^^^^^^^^^^^^^^^^^^^^^^^^^^^^^^^^^^^^^^^^^^^^^^
  File "C:\Users\Administrator\AppData\Local\Programs\Python\Python312\Lib\site-packages\ok\core\task_manager.py", line 40, in __init__
    self.task_executor.onetime_tasks = self.init_tasks(onetime_tasks or [])
                                       ^^^^^^^^^^^^^^^^^^^^^^^^^^^^^^^^^^^^
  File "C:\Users\Administrator\AppData\Local\Programs\Python\Python312\Lib\site-packages\ok\core\task_manager.py", line 53, in init_tasks
    task = init_class_by_name(task_class[0], task_class[1], executor=self.task_executor, app=self.app)
           ^^^^^^^^^^^^^^^^^^^^^^^^^^^^^^^^^^^^^^^^^^^^^^^^^^^^^^^^^^^^^^^^^^^^^^^^^^^^^^^^^^^^^^^^^^^
  File "C:\Users\Administrator\AppData\Local\Programs\Python\Python312\Lib\site-packages\ok\util\clazz.py", line 10, in init_class_by_name
    module = importlib.import_module(module_name)
             ^^^^^^^^^^^^^^^^^^^^^^^^^^^^^^^^^^^^
  File "C:\Users\Administrator\AppData\Local\Programs\Python\Python312\Lib\importlib\__init__.py", line 90, in import_module
    return _bootstrap._gcd_import(name[level:], package, level)
           ^^^^^^^^^^^^^^^^^^^^^^^^^^^^^^^^^^^^^^^^^^^^^^^^^^^^
  File "<frozen importlib._bootstrap>", line 1387, in _gcd_import
  File "<frozen importlib._bootstrap>", line 1360, in _find_and_load
  File "<frozen importlib._bootstrap>", line 1331, in _find_and_load_unlocked
  File "<frozen importlib._bootstrap>", line 935, in _load_unlocked
  File "<frozen importlib._bootstrap_external>", line 999, in exec_module
  File "<frozen importlib._bootstrap>", line 488, in _call_with_frames_removed
  File "E:\youxikkkkkkk\auto_battle\test_launcher.dist\my_game\src\tasks\AutoBattle.py", line 2, in <module>
    from pyarmor_runtime_000000 import __pyarmor__
ModuleNotFoundError: No module named 'pyarmor_runtime_000000'
